// Jest Snapshot v1, https://goo.gl/fbAQLP

exports[`Navbar should render propertly 1`] = `
<nav
  className="navbar bg-white w-100 border"
>
  <div
    className="logo d-flex bg-danger text-white flex-column align-items-center py-2 px-2 fw-bold ms-3"
  >
    <div>
      The
    </div>
    <div>
      Economist
    </div>
  </div>
  <div
    className="me-3"
  >
    <a
      className="btn btn-danger"
      href="/"
      onClick={[Function]}
      type="button"
    >
      LOG OUT
    </a>
  </div>
</nav>
`;
